  分离轴.cpp
C:\Users\you\source\repos\CppChengZhang\数学-分离轴\分离轴.cpp(20,45): warning C4244: “return”: 从“double”转换到“float”，可能丢失数据
C:\Users\you\source\repos\CppChengZhang\数学-分离轴\分离轴.cpp(21,45): warning C4244: “return”: 从“double”转换到“float”，可能丢失数据
C:\Users\you\source\repos\CppChengZhang\数学-分离轴\分离轴.cpp(28,30): warning C4838: 从“double”转换到“LONG”需要收缩转换
C:\Users\you\source\repos\CppChengZhang\数学-分离轴\分离轴.cpp(28,30): warning C4244: “初始化”: 从“double”转换到“LONG”，可能丢失数据
C:\Users\you\source\repos\CppChengZhang\数学-分离轴\分离轴.cpp(28,39): warning C4838: 从“double”转换到“LONG”需要收缩转换
C:\Users\you\source\repos\CppChengZhang\数学-分离轴\分离轴.cpp(28,39): warning C4244: “初始化”: 从“double”转换到“LONG”，可能丢失数据
C:\Users\you\source\repos\CppChengZhang\数学-分离轴\分离轴.cpp(33,29): warning C4838: 从“double”转换到“LONG”需要收缩转换
C:\Users\you\source\repos\CppChengZhang\数学-分离轴\分离轴.cpp(33,29): warning C4244: “初始化”: 从“double”转换到“LONG”，可能丢失数据
C:\Users\you\source\repos\CppChengZhang\数学-分离轴\分离轴.cpp(33,39): warning C4838: 从“double”转换到“LONG”需要收缩转换
C:\Users\you\source\repos\CppChengZhang\数学-分离轴\分离轴.cpp(33,39): warning C4244: “初始化”: 从“double”转换到“LONG”，可能丢失数据
C:\Users\you\source\repos\CppChengZhang\数学-分离轴\分离轴.cpp(36,30): warning C4838: 从“double”转换到“LONG”需要收缩转换
C:\Users\you\source\repos\CppChengZhang\数学-分离轴\分离轴.cpp(36,30): warning C4244: “初始化”: 从“double”转换到“LONG”，可能丢失数据
C:\Users\you\source\repos\CppChengZhang\数学-分离轴\分离轴.cpp(36,39): warning C4838: 从“double”转换到“LONG”需要收缩转换
C:\Users\you\source\repos\CppChengZhang\数学-分离轴\分离轴.cpp(36,39): warning C4244: “初始化”: 从“double”转换到“LONG”，可能丢失数据
C:\Users\you\source\repos\CppChengZhang\数学-分离轴\分离轴.cpp(39,28): warning C4838: 从“double”转换到“LONG”需要收缩转换
C:\Users\you\source\repos\CppChengZhang\数学-分离轴\分离轴.cpp(39,28): warning C4244: “初始化”: 从“double”转换到“LONG”，可能丢失数据
C:\Users\you\source\repos\CppChengZhang\数学-分离轴\分离轴.cpp(39,37): warning C4838: 从“double”转换到“LONG”需要收缩转换
C:\Users\you\source\repos\CppChengZhang\数学-分离轴\分离轴.cpp(39,37): warning C4244: “初始化”: 从“double”转换到“LONG”，可能丢失数据
C:\Users\you\source\repos\CppChengZhang\数学-分离轴\分离轴.cpp(131,85): warning C4229: 使用了记时错误: 忽略数据上的修饰符
C:\Users\you\source\repos\CppChengZhang\数学-分离轴\分离轴.cpp(189,3): warning C4244: “参数”: 从“double”转换到“FLOAT”，可能丢失数据
C:\Users\you\source\repos\CppChengZhang\数学-分离轴\分离轴.cpp(250,48): warning C4244: “参数”: 从“double”转换到“FLOAT”，可能丢失数据
C:\Users\you\source\repos\CppChengZhang\数学-分离轴\分离轴.cpp(250,44): warning C4244: “参数”: 从“double”转换到“FLOAT”，可能丢失数据
C:\Users\you\source\repos\CppChengZhang\数学-分离轴\分离轴.cpp(268,15): warning C4838: 从“double”转换到“FLOAT”需要收缩转换
C:\Users\you\source\repos\CppChengZhang\数学-分离轴\分离轴.cpp(268,15): warning C4244: “初始化”: 从“double”转换到“FLOAT”，可能丢失数据
C:\Users\you\source\repos\CppChengZhang\数学-分离轴\分离轴.cpp(269,15): warning C4838: 从“double”转换到“FLOAT”需要收缩转换
C:\Users\you\source\repos\CppChengZhang\数学-分离轴\分离轴.cpp(269,15): warning C4244: “初始化”: 从“double”转换到“FLOAT”，可能丢失数据
C:\Users\you\source\repos\CppChengZhang\数学-分离轴\分离轴.cpp(270,15): warning C4838: 从“double”转换到“FLOAT”需要收缩转换
C:\Users\you\source\repos\CppChengZhang\数学-分离轴\分离轴.cpp(270,15): warning C4244: “初始化”: 从“double”转换到“FLOAT”，可能丢失数据
C:\Users\you\source\repos\CppChengZhang\数学-分离轴\分离轴.cpp(271,15): warning C4838: 从“double”转换到“FLOAT”需要收缩转换
C:\Users\you\source\repos\CppChengZhang\数学-分离轴\分离轴.cpp(271,15): warning C4244: “初始化”: 从“double”转换到“FLOAT”，可能丢失数据
C:\Users\you\source\repos\CppChengZhang\数学-分离轴\分离轴.cpp(272,15): warning C4838: 从“double”转换到“FLOAT”需要收缩转换
C:\Users\you\source\repos\CppChengZhang\数学-分离轴\分离轴.cpp(272,15): warning C4244: “初始化”: 从“double”转换到“FLOAT”，可能丢失数据
C:\Users\you\source\repos\CppChengZhang\数学-分离轴\分离轴.cpp(273,15): warning C4838: 从“double”转换到“FLOAT”需要收缩转换
C:\Users\you\source\repos\CppChengZhang\数学-分离轴\分离轴.cpp(273,15): warning C4244: “初始化”: 从“double”转换到“FLOAT”，可能丢失数据
C:\Users\you\source\repos\CppChengZhang\数学-分离轴\分离轴.cpp(274,15): warning C4838: 从“double”转换到“FLOAT”需要收缩转换
C:\Users\you\source\repos\CppChengZhang\数学-分离轴\分离轴.cpp(274,15): warning C4244: “初始化”: 从“double”转换到“FLOAT”，可能丢失数据
C:\Users\you\source\repos\CppChengZhang\数学-分离轴\分离轴.cpp(275,15): warning C4838: 从“double”转换到“FLOAT”需要收缩转换
C:\Users\you\source\repos\CppChengZhang\数学-分离轴\分离轴.cpp(275,15): warning C4244: “初始化”: 从“double”转换到“FLOAT”，可能丢失数据
C:\Users\you\source\repos\CppChengZhang\数学-分离轴\分离轴.cpp(302,30): warning C4838: 从“LONG”转换到“FLOAT”需要收缩转换
C:\Users\you\source\repos\CppChengZhang\数学-分离轴\分离轴.cpp(302,30): warning C4244: “初始化”: 从“LONG”转换到“FLOAT”，可能丢失数据
C:\Users\you\source\repos\CppChengZhang\数学-分离轴\分离轴.cpp(302,45): warning C4838: 从“LONG”转换到“FLOAT”需要收缩转换
C:\Users\you\source\repos\CppChengZhang\数学-分离轴\分离轴.cpp(302,45): warning C4244: “初始化”: 从“LONG”转换到“FLOAT”，可能丢失数据
C:\Users\you\source\repos\CppChengZhang\数学-分离轴\分离轴.cpp(302,59): warning C4838: 从“LONG”转换到“FLOAT”需要收缩转换
C:\Users\you\source\repos\CppChengZhang\数学-分离轴\分离轴.cpp(302,59): warning C4244: “初始化”: 从“LONG”转换到“FLOAT”，可能丢失数据
C:\Users\you\source\repos\CppChengZhang\数学-分离轴\分离轴.cpp(302,75): warning C4838: 从“LONG”转换到“FLOAT”需要收缩转换
C:\Users\you\source\repos\CppChengZhang\数学-分离轴\分离轴.cpp(302,75): warning C4244: “初始化”: 从“LONG”转换到“FLOAT”，可能丢失数据
C:\Users\you\source\repos\CppChengZhang\数学-分离轴\分离轴.cpp(306,67): warning C4244: “参数”: 从“double”转换到“FLOAT”，可能丢失数据
C:\Users\you\source\repos\CppChengZhang\数学-分离轴\分离轴.cpp(330,31): warning C4838: 从“LONG”转换到“FLOAT”需要收缩转换
C:\Users\you\source\repos\CppChengZhang\数学-分离轴\分离轴.cpp(330,31): warning C4244: “初始化”: 从“LONG”转换到“FLOAT”，可能丢失数据
C:\Users\you\source\repos\CppChengZhang\数学-分离轴\分离轴.cpp(330,46): warning C4838: 从“LONG”转换到“FLOAT”需要收缩转换
C:\Users\you\source\repos\CppChengZhang\数学-分离轴\分离轴.cpp(330,46): warning C4244: “初始化”: 从“LONG”转换到“FLOAT”，可能丢失数据
C:\Users\you\source\repos\CppChengZhang\数学-分离轴\分离轴.cpp(330,60): warning C4838: 从“LONG”转换到“FLOAT”需要收缩转换
C:\Users\you\source\repos\CppChengZhang\数学-分离轴\分离轴.cpp(330,60): warning C4244: “初始化”: 从“LONG”转换到“FLOAT”，可能丢失数据
C:\Users\you\source\repos\CppChengZhang\数学-分离轴\分离轴.cpp(330,76): warning C4838: 从“LONG”转换到“FLOAT”需要收缩转换
C:\Users\you\source\repos\CppChengZhang\数学-分离轴\分离轴.cpp(330,76): warning C4244: “初始化”: 从“LONG”转换到“FLOAT”，可能丢失数据
C:\Users\you\source\repos\CppChengZhang\数学-分离轴\分离轴.cpp(334,67): warning C4244: “参数”: 从“double”转换到“FLOAT”，可能丢失数据
  数学-分离轴.vcxproj -> C:\Users\you\source\repos\CppChengZhang\Debug\数学-分离轴.exe
